// Jest Snapshot v1, https://goo.gl/fbAQLP

exports[`Spinner Component Should render correctly 1`] = `
<div>
  <div
    class="sc-bczRLJ iByUCn"
  >
    <div
      class="lds-spinner"
    >
      <div />
      <div />
      <div />
      <div />
       
      <div />
      <div />
      <div />
      <div />
      <div />
    </div>
  </div>
</div>
`;
